// Jest Snapshot v1, https://jestjs.io/docs/snapshot-testing

exports[`LaunchCell It renders and matches the snapshot 1`] = `
<DocumentFragment>
  <div
    style="height: 100%;"
  >
    <!-- AG Grid -->
    <div
      class="ag-root-wrapper ag-ltr ag-layout-normal"
      role="presentation"
    >
      <div
        class="ag-root-wrapper-body ag-focus-managed ag-layout-normal"
        role="presentation"
      >
        <div
          class="ag-tab-guard ag-tab-guard-top"
          role="presentation"
          tabindex="0"
        />
        <!-- AG Grid Body -->
        <div
          aria-colcount="1"
          aria-rowcount="2"
          class="ag-root ag-unselectable ag-layout-normal"
          role="treegrid"
        >
          <div
            class="ag-header ag-pivot-off"
            role="presentation"
            style="height: 26px; min-height: 26px;"
          >
            <div
              aria-hidden="true"
              class="ag-pinned-left-header ag-hidden"
              role="presentation"
              style="width: 0px; min-width: 0px; max-width: 0px;"
            />
            <div
              class="ag-header-viewport "
              role="presentation"
            >
              <div
                class="ag-header-container"
                role="rowgroup"
                style="width: 200px;"
              >
                <div
                  aria-rowindex="1"
                  class="ag-header-row ag-header-row-column"
                  role="row"
                  style="height: 25px; top: 0px; width: 200px;"
                >
                  <div
                    aria-colindex="1"
                    class="ag-header-cell ag-focus-managed"
                    col-id="0"
                    role="columnheader"
                    style="left: 0px; width: 200px;"
                    tabindex="-1"
                  >
                    <div
                      aria-hidden="true"
                      class="ag-header-cell-resize ag-hidden"
                      role="presentation"
                    />
                    <div
                      aria-hidden="true"
                      class="ag-labeled ag-label-align-right ag-checkbox ag-input-field ag-header-select-all ag-hidden"
                      role="presentation"
                    >
                      
                
                      <div
                        aria-hidden="true"
                        class="ag-input-field-label ag-label ag-hidden ag-checkbox-label"
                        ref="eLabel"
                        role="presentation"
                      />
                      
                
                      <div
                        class="ag-wrapper ag-input-wrapper ag-checkbox-input-wrapper"
                        ref="eWrapper"
                        role="presentation"
                      >
                        
                    
                        <input
                          class="ag-input-field-input ag-checkbox-input"
                          id="ag-4-input"
                          ref="eInput"
                          tabindex="-1"
                          type="checkbox"
                        />
                        
                
                      </div>
                      
            
                    </div>
                    <div
                      class="ag-header-cell-comp-wrapper"
                      role="presentation"
                    >
                      <div
                        class="ag-cell-label-container"
                        role="presentation"
                      >
                        
            
            
                        <div
                          class="ag-header-cell-label"
                          ref="eLabel"
                          role="presentation"
                        >
                          
                
                          <span
                            class="ag-header-cell-text"
                            ref="eText"
                          />
                          
                
                          <span
                            aria-hidden="true"
                            class="ag-header-icon ag-header-label-icon ag-filter-icon ag-hidden"
                            ref="eFilter"
                          >
                            <span
                              class="ag-icon ag-icon-filter"
                              role="presentation"
                              unselectable="on"
                            />
                          </span>
                          
                
                          <!--AG-SORT-INDICATOR-->
                          <span
                            class="ag-sort-indicator-container"
                            ref="eSortIndicator"
                          >
                            
            
                            <span
                              aria-hidden="true"
                              class="ag-sort-indicator-icon ag-sort-order ag-hidden"
                              ref="eSortOrder"
                            />
                            
            
                            <span
                              aria-hidden="true"
                              class="ag-sort-indicator-icon ag-sort-ascending-icon ag-hidden"
                              ref="eSortAsc"
                            />
                            
            
                            <span
                              aria-hidden="true"
                              class="ag-sort-indicator-icon ag-sort-descending-icon ag-hidden"
                              ref="eSortDesc"
                            />
                            
            
                            <span
                              aria-hidden="true"
                              class="ag-sort-indicator-icon ag-sort-mixed-icon ag-hidden"
                              ref="eSortMixed"
                            >
                              <span
                                class="ag-icon ag-icon-none"
                                role="presentation"
                                unselectable="on"
                              />
                            </span>
                            
            
                            <span
                              aria-hidden="true"
                              class="ag-sort-indicator-icon ag-sort-none-icon ag-hidden"
                              ref="eSortNone"
                            />
                            
        
                          </span>
                          
            
                        </div>
                        
        
                      </div>
                    </div>
                  </div>
                </div>
              </div>
            </div>
            <div
              aria-hidden="true"
              class="ag-pinned-right-header ag-hidden"
              role="presentation"
              style="width: 0px; min-width: 0px; max-width: 0px;"
            />
          </div>
          <!-- AG Pinned Top -->
          <div
            class="ag-floating-top"
            role="presentation"
            style="height: 0px; min-height: 0; display: none; overflow-y: hidden;"
          >
            <!-- AG Row Container topLeft -->
            <div
              aria-hidden="true"
              class="ag-pinned-left-floating-top ag-hidden"
              role="presentation"
              style="width: 0px; max-width: 0px; min-width: 0px;"
            />
            <!-- AG Row Container topCenter -->
            <div
              class="ag-floating-top-viewport"
              role="presentation"
            >
              <div
                class="ag-floating-top-container"
                role="presentation"
                style="width: 200px;"
              />
            </div>
            <!-- AG Row Container topRight -->
            <div
              aria-hidden="true"
              class="ag-pinned-right-floating-top ag-hidden"
              role="presentation"
              style="width: 0px; max-width: 0px; min-width: 0px;"
            />
            <!-- AG Row Container topFullWidth -->
            <div
              class="ag-floating-top-full-width-container"
              role="presentation"
            />
          </div>
          <div
            class="ag-body ag-layout-normal"
            role="presentation"
          >
            <div
              class="ag-body-clipper ag-layout-normal"
              role="presentation"
            >
              <!-- AG Middle -->
              <div
                class="ag-body-viewport ag-row-no-animation ag-layout-normal"
                role="presentation"
                style="width: calc(100% + 0px);"
              >
                <!-- AG Row Container left -->
                <div
                  aria-hidden="true"
                  class="ag-pinned-left-cols-container ag-hidden"
                  role="presentation"
                  style="height: 25px; width: 0px; max-width: 0px; min-width: 0px;"
                />
                <!-- AG Row Container center -->
                <div
                  class="ag-center-cols-clipper"
                  role="presentation"
                  style="height: 25px;"
                >
                  <div
                    class="ag-center-cols-viewport"
                    role="presentation"
                    style="height: 100%;"
                  >
                    <div
                      class="ag-center-cols-container"
                      role="rowgroup"
                      style="height: 25px; width: 200px;"
                    >
                      <div
                        aria-rowindex="2"
                        class="ag-row-even ag-row-no-focus ag-row ag-row-level-0 ag-row-position-absolute ag-row-first ag-row-last ag-row-not-inline-editing"
                        role="row"
                        row-id="0"
                        row-index="0"
                        style="transform: translateY(0px); height: 25px;"
                      >
                        <div
                          aria-colindex="1"
                          class="ag-cell ag-cell-not-inline-editing ag-cell-normal-height ag-cell-value"
                          col-id="0"
                          role="gridcell"
                          style="left: 0px; width: 200px;"
                          tabindex="-1"
                        >
                          <a
                            class="MuiTypography-root MuiTypography-inherit MuiLink-root MuiLink-underlineAlways css-1xylxj1-MuiTypography-root-MuiLink-root"
                          >
                            <svg
                              aria-hidden="true"
                              class="MuiSvgIcon-root MuiSvgIcon-colorAction MuiSvgIcon-fontSizeMedium launch-cell css-11pbyhm-MuiSvgIcon-root"
                              data-testid="launch-cell"
                              focusable="false"
                              viewBox="0 0 24 24"
                            >
                              <path
                                d="M19 19H5V5h7V3H5c-1.11 0-2 .9-2 2v14c0 1.1.89 2 2 2h14c1.1 0 2-.9 2-2v-7h-2v7zM14 3v2h3.59l-9.83 9.83 1.41 1.41L19 6.41V10h2V3h-7z"
                              />
                            </svg>
                          </a>
                        </div>
                      </div>
                    </div>
                  </div>
                </div>
                <!-- AG Row Container right -->
                <div
                  aria-hidden="true"
                  class="ag-pinned-right-cols-container ag-hidden"
                  role="presentation"
                  style="height: 25px; width: 0px; max-width: 0px; min-width: 0px;"
                />
                <!-- AG Row Container fullWidth -->
                <div
                  class="ag-full-width-container"
                  role="presentation"
                  style="height: 25px;"
                />
              </div>
            </div>
            <!-- AG Fake Vertical Scroll -->
            <div
              aria-hidden="true"
              class="ag-body-vertical-scroll ag-hidden"
              style="width: 0px; max-width: 0px; min-width: 0px;"
            >
              
            
              <div
                class="ag-body-vertical-scroll-viewport"
                ref="eViewport"
                style="width: 0px; max-width: 0px; min-width: 0px;"
              >
                
                
                <div
                  class="ag-body-vertical-scroll-container"
                  ref="eContainer"
                  style="width: 0px; max-width: 0px; min-width: 0px; height: 25px;"
                />
                
            
              </div>
              
        
            </div>
          </div>
          <!-- AG Sticky Top -->
          <div
            class="ag-sticky-top"
            role="presentation"
            style="height: 0px; top: 26px; width: 100%;"
          >
            <!-- AG Row Container stickyTopLeft -->
            <div
              aria-hidden="true"
              class="ag-pinned-left-sticky-top ag-hidden"
              role="presentation"
              style="width: 0px; max-width: 0px; min-width: 0px;"
            />
            <!-- AG Row Container stickyTopCenter -->
            <div
              class="ag-sticky-top-viewport"
              role="presentation"
            >
              <div
                class="ag-sticky-top-container"
                role="presentation"
                style="width: 200px;"
              />
            </div>
            <!-- AG Row Container stickyTopRight -->
            <div
              aria-hidden="true"
              class="ag-pinned-right-sticky-top ag-hidden"
              role="presentation"
              style="width: 0px; max-width: 0px; min-width: 0px;"
            />
            <!-- AG Row Container stickyTopFullWidth -->
            <div
              class="ag-sticky-top-full-width-container"
              role="presentation"
            />
          </div>
          <!-- AG Pinned Bottom -->
          <div
            class="ag-floating-bottom"
            role="presentation"
            style="height: 0px; min-height: 0; display: none; overflow-y: hidden;"
          >
            <!-- AG Row Container bottomLeft -->
            <div
              aria-hidden="true"
              class="ag-pinned-left-floating-bottom ag-hidden"
              role="presentation"
              style="width: 0px; max-width: 0px; min-width: 0px;"
            />
            <!-- AG Row Container bottomCenter -->
            <div
              class="ag-floating-bottom-viewport"
              role="presentation"
            >
              <div
                class="ag-floating-bottom-container"
                role="presentation"
                style="width: 200px;"
              />
            </div>
            <!-- AG Row Container bottomRight -->
            <div
              aria-hidden="true"
              class="ag-pinned-right-floating-bottom ag-hidden"
              role="presentation"
              style="width: 0px; max-width: 0px; min-width: 0px;"
            />
            <!-- AG Row Container bottomFullWidth -->
            <div
              class="ag-floating-bottom-full-width-container"
              role="presentation"
            />
          </div>
          <!-- AG Fake Horizontal Scroll -->
          <div
            aria-hidden="true"
            class="ag-body-horizontal-scroll ag-hidden"
            style="height: 0px; max-height: 0px; min-height: 0px;"
          >
            
            
            <div
              class="ag-horizontal-left-spacer"
              ref="eLeftSpacer"
              style="width: 0px; max-width: 0px; min-width: 0px;"
            />
            
            
            <div
              class="ag-body-horizontal-scroll-viewport"
              ref="eViewport"
              style="height: 0px; max-height: 0px; min-height: 0px;"
            >
              
                
              <div
                class="ag-body-horizontal-scroll-container"
                ref="eContainer"
                style="height: 0px; max-height: 0px; min-height: 0px; width: 200px;"
              />
              
            
            </div>
            
            
            <div
              class="ag-horizontal-right-spacer"
              ref="eRightSpacer"
              style="width: 0px; max-width: 0px; min-width: 0px;"
            />
            
        
          </div>
          <!-- AG Overlay Wrapper -->
          <div
            aria-hidden="true"
            class="ag-overlay ag-hidden"
          >
            
            
            <div
              class="ag-overlay-panel"
            >
              
                
              <div
                class="ag-overlay-wrapper ag-layout-normal"
                ref="eOverlayWrapper"
              />
              
            
            </div>
            
        
          </div>
        </div>
        <div
          class="ag-tab-guard ag-tab-guard-bottom"
          role="presentation"
          tabindex="0"
        />
      </div>
      <div
        aria-hidden="true"
        class="ag-paging-panel ag-unselectable ag-hidden"
        id="ag-3"
      >
        
                
        <span
          class="ag-paging-row-summary-panel"
          role="status"
        >
          
                    
          <span
            class="ag-paging-row-summary-panel-number"
            id="ag-3-first-row"
            ref="lbFirstRowOnPage"
          />
          
                    
          <span
            id="ag-3-to"
          >
            to
          </span>
          
                    
          <span
            class="ag-paging-row-summary-panel-number"
            id="ag-3-last-row"
            ref="lbLastRowOnPage"
          />
          
                    
          <span
            id="ag-3-of"
          >
            of
          </span>
          
                    
          <span
            class="ag-paging-row-summary-panel-number"
            id="ag-3-row-count"
            ref="lbRecordCount"
          />
          
                
        </span>
        
                
        <span
          class="ag-paging-page-summary-panel"
          role="presentation"
        >
          
                    
          <div
            aria-label="First Page"
            class="ag-paging-button"
            ref="btFirst"
            role="button"
          >
            <span
              class="ag-icon ag-icon-first"
              role="presentation"
              unselectable="on"
            />
          </div>
          
                    
          <div
            aria-label="Previous Page"
            class="ag-paging-button"
            ref="btPrevious"
            role="button"
          >
            <span
              class="ag-icon ag-icon-previous"
              role="presentation"
              unselectable="on"
            />
          </div>
          
                    
          <span
            class="ag-paging-description"
            role="status"
          >
            
                        
            <span
              id="ag-3-start-page"
            >
              Page
            </span>
            
                        
            <span
              class="ag-paging-number"
              id="ag-3-start-page-number"
              ref="lbCurrent"
            />
            
                        
            <span
              id="ag-3-of-page"
            >
              of
            </span>
            
                        
            <span
              class="ag-paging-number"
              id="ag-3-of-page-number"
              ref="lbTotal"
            />
            
                    
          </span>
          
                    
          <div
            aria-label="Next Page"
            class="ag-paging-button"
            ref="btNext"
            role="button"
          >
            <span
              class="ag-icon ag-icon-next"
              role="presentation"
              unselectable="on"
            />
          </div>
          
                    
          <div
            aria-label="Last Page"
            class="ag-paging-button"
            ref="btLast"
            role="button"
          >
            <span
              class="ag-icon ag-icon-last"
              role="presentation"
              unselectable="on"
            />
          </div>
          
                
        </span>
        
            
      </div>
    </div>
  </div>
</DocumentFragment>
`;
