// Jest Snapshot v1, https://jestjs.io/docs/snapshot-testing

exports[`DataTable It matches the snapshot 1`] = `
<DocumentFragment>
  <div
    class="data-table"
  >
    <div
      class="data-table__header-container"
    >
      <div>
        <span
          class="data-table__action"
        >
          <button
            class="MuiButtonBase-root MuiIconButton-root MuiIconButton-sizeLarge data-table__icon-button css-mf1cb5-MuiButtonBase-root-MuiIconButton-root"
            tabindex="0"
            type="button"
          >
            <svg
              aria-hidden="true"
              class="MuiSvgIcon-root MuiSvgIcon-fontSizeMedium css-i4bv87-MuiSvgIcon-root"
              data-testid="MoreHorizIcon"
              focusable="false"
              viewBox="0 0 24 24"
            >
              <path
                d="M6 10c-1.1 0-2 .9-2 2s.9 2 2 2 2-.9 2-2-.9-2-2-2zm12 0c-1.1 0-2 .9-2 2s.9 2 2 2 2-.9 2-2-.9-2-2-2zm-6 0c-1.1 0-2 .9-2 2s.9 2 2 2 2-.9 2-2-.9-2-2-2z"
              />
            </svg>
            <span
              class="MuiTouchRipple-root css-8je8zh-MuiTouchRipple-root"
            />
          </button>
        </span>
      </div>
    </div>
    <div
      class="ag-theme-material data-table__container"
    >
      <div
        style="height: 100%;"
      >
        <!-- AG Grid -->
        <div
          class="ag-root-wrapper ag-ltr ag-layout-auto-height"
          role="presentation"
        >
          <div
            class="ag-root-wrapper-body ag-focus-managed ag-layout-auto-height"
            role="presentation"
          >
            <div
              class="ag-tab-guard ag-tab-guard-top"
              role="presentation"
              tabindex="0"
            />
            <!-- AG Grid Body -->
            <div
              aria-colcount="4"
              aria-rowcount="3"
              class="ag-root ag-unselectable ag-layout-auto-height"
              role="treegrid"
            >
              <div
                class="ag-header ag-pivot-off"
                role="presentation"
                style="height: 57px; min-height: 57px;"
              >
                <div
                  aria-hidden="true"
                  class="ag-pinned-left-header ag-hidden"
                  role="presentation"
                  style="width: 0px; min-width: 0px; max-width: 0px;"
                />
                <div
                  class="ag-header-viewport "
                  role="presentation"
                >
                  <div
                    class="ag-header-container"
                    role="rowgroup"
                    style="width: 800px;"
                  >
                    <div
                      aria-rowindex="1"
                      class="ag-header-row ag-header-row-column"
                      role="row"
                      style="height: 56px; top: 0px; width: 800px;"
                    >
                      <div
                        aria-colindex="1"
                        aria-description="Press ENTER to sort. Press CTRL ENTER to open column menu."
                        aria-sort="none"
                        class="ag-header-cell ag-header-cell-sortable ag-focus-managed"
                        col-id="username"
                        role="columnheader"
                        style="left: 0px; width: 200px;"
                        tabindex="-1"
                      >
                        <div
                          class="ag-header-cell-resize"
                          role="presentation"
                        />
                        <div
                          aria-hidden="true"
                          class="ag-labeled ag-label-align-right ag-checkbox ag-input-field ag-header-select-all ag-hidden"
                          role="presentation"
                        >
                          
                
                          <div
                            aria-hidden="true"
                            class="ag-input-field-label ag-label ag-hidden ag-checkbox-label"
                            ref="eLabel"
                            role="presentation"
                          />
                          
                
                          <div
                            class="ag-wrapper ag-input-wrapper ag-checkbox-input-wrapper"
                            ref="eWrapper"
                            role="presentation"
                          >
                            
                    
                            <input
                              class="ag-input-field-input ag-checkbox-input"
                              id="ag-4-input"
                              ref="eInput"
                              tabindex="-1"
                              type="checkbox"
                            />
                            
                
                          </div>
                          
            
                        </div>
                        <div
                          class="ag-header-cell-comp-wrapper"
                          role="presentation"
                        >
                          <div
                            class="ag-cell-label-container"
                            role="presentation"
                          >
                            
            
                            <span
                              aria-hidden="true"
                              class="ag-header-icon ag-header-cell-menu-button"
                              ref="eMenu"
                            >
                              <span
                                class="ag-icon ag-icon-menu"
                                role="presentation"
                                unselectable="on"
                              />
                            </span>
                            
            
                            <div
                              class="ag-header-cell-label"
                              ref="eLabel"
                              role="presentation"
                            >
                              
                
                              <span
                                class="ag-header-cell-text"
                                ref="eText"
                              >
                                Username
                              </span>
                              
                
                              <span
                                aria-hidden="true"
                                class="ag-header-icon ag-header-label-icon ag-filter-icon ag-hidden"
                                ref="eFilter"
                              >
                                <span
                                  class="ag-icon ag-icon-filter"
                                  role="presentation"
                                  unselectable="on"
                                />
                              </span>
                              
                
                              <!--AG-SORT-INDICATOR-->
                              <span
                                class="ag-sort-indicator-container"
                                ref="eSortIndicator"
                              >
                                
            
                                <span
                                  aria-hidden="true"
                                  class="ag-sort-indicator-icon ag-sort-order ag-hidden"
                                  ref="eSortOrder"
                                />
                                
            
                                <span
                                  aria-hidden="true"
                                  class="ag-sort-indicator-icon ag-sort-ascending-icon ag-hidden"
                                  ref="eSortAsc"
                                >
                                  <span
                                    class="ag-icon ag-icon-asc"
                                    role="presentation"
                                    unselectable="on"
                                  />
                                </span>
                                
            
                                <span
                                  aria-hidden="true"
                                  class="ag-sort-indicator-icon ag-sort-descending-icon ag-hidden"
                                  ref="eSortDesc"
                                >
                                  <span
                                    class="ag-icon ag-icon-desc"
                                    role="presentation"
                                    unselectable="on"
                                  />
                                </span>
                                
            
                                <span
                                  aria-hidden="true"
                                  class="ag-sort-indicator-icon ag-sort-mixed-icon ag-hidden"
                                  ref="eSortMixed"
                                >
                                  <span
                                    class="ag-icon ag-icon-none"
                                    role="presentation"
                                    unselectable="on"
                                  />
                                </span>
                                
            
                                <span
                                  aria-hidden="true"
                                  class="ag-sort-indicator-icon ag-sort-none-icon ag-hidden"
                                  ref="eSortNone"
                                >
                                  <span
                                    class="ag-icon ag-icon-none"
                                    role="presentation"
                                    unselectable="on"
                                  />
                                </span>
                                
        
                              </span>
                              
            
                            </div>
                            
        
                          </div>
                        </div>
                      </div>
                      <div
                        aria-colindex="2"
                        aria-description="Press ENTER to sort. Press CTRL ENTER to open column menu."
                        aria-sort="none"
                        class="ag-header-cell ag-header-cell-sortable ag-focus-managed"
                        col-id="password"
                        role="columnheader"
                        style="left: 200px; width: 200px;"
                        tabindex="-1"
                      >
                        <div
                          class="ag-header-cell-resize"
                          role="presentation"
                        />
                        <div
                          aria-hidden="true"
                          class="ag-labeled ag-label-align-right ag-checkbox ag-input-field ag-header-select-all ag-hidden"
                          role="presentation"
                        >
                          
                
                          <div
                            aria-hidden="true"
                            class="ag-input-field-label ag-label ag-hidden ag-checkbox-label"
                            ref="eLabel"
                            role="presentation"
                          />
                          
                
                          <div
                            class="ag-wrapper ag-input-wrapper ag-checkbox-input-wrapper"
                            ref="eWrapper"
                            role="presentation"
                          >
                            
                    
                            <input
                              class="ag-input-field-input ag-checkbox-input"
                              id="ag-5-input"
                              ref="eInput"
                              tabindex="-1"
                              type="checkbox"
                            />
                            
                
                          </div>
                          
            
                        </div>
                        <div
                          class="ag-header-cell-comp-wrapper"
                          role="presentation"
                        >
                          <div
                            class="ag-cell-label-container"
                            role="presentation"
                          >
                            
            
                            <span
                              aria-hidden="true"
                              class="ag-header-icon ag-header-cell-menu-button"
                              ref="eMenu"
                            >
                              <span
                                class="ag-icon ag-icon-menu"
                                role="presentation"
                                unselectable="on"
                              />
                            </span>
                            
            
                            <div
                              class="ag-header-cell-label"
                              ref="eLabel"
                              role="presentation"
                            >
                              
                
                              <span
                                class="ag-header-cell-text"
                                ref="eText"
                              >
                                Password
                              </span>
                              
                
                              <span
                                aria-hidden="true"
                                class="ag-header-icon ag-header-label-icon ag-filter-icon ag-hidden"
                                ref="eFilter"
                              >
                                <span
                                  class="ag-icon ag-icon-filter"
                                  role="presentation"
                                  unselectable="on"
                                />
                              </span>
                              
                
                              <!--AG-SORT-INDICATOR-->
                              <span
                                class="ag-sort-indicator-container"
                                ref="eSortIndicator"
                              >
                                
            
                                <span
                                  aria-hidden="true"
                                  class="ag-sort-indicator-icon ag-sort-order ag-hidden"
                                  ref="eSortOrder"
                                />
                                
            
                                <span
                                  aria-hidden="true"
                                  class="ag-sort-indicator-icon ag-sort-ascending-icon ag-hidden"
                                  ref="eSortAsc"
                                >
                                  <span
                                    class="ag-icon ag-icon-asc"
                                    role="presentation"
                                    unselectable="on"
                                  />
                                </span>
                                
            
                                <span
                                  aria-hidden="true"
                                  class="ag-sort-indicator-icon ag-sort-descending-icon ag-hidden"
                                  ref="eSortDesc"
                                >
                                  <span
                                    class="ag-icon ag-icon-desc"
                                    role="presentation"
                                    unselectable="on"
                                  />
                                </span>
                                
            
                                <span
                                  aria-hidden="true"
                                  class="ag-sort-indicator-icon ag-sort-mixed-icon ag-hidden"
                                  ref="eSortMixed"
                                >
                                  <span
                                    class="ag-icon ag-icon-none"
                                    role="presentation"
                                    unselectable="on"
                                  />
                                </span>
                                
            
                                <span
                                  aria-hidden="true"
                                  class="ag-sort-indicator-icon ag-sort-none-icon ag-hidden"
                                  ref="eSortNone"
                                >
                                  <span
                                    class="ag-icon ag-icon-none"
                                    role="presentation"
                                    unselectable="on"
                                  />
                                </span>
                                
        
                              </span>
                              
            
                            </div>
                            
        
                          </div>
                        </div>
                      </div>
                      <div
                        aria-colindex="3"
                        aria-description="Press ENTER to sort. Press CTRL ENTER to open column menu."
                        aria-sort="none"
                        class="ag-header-cell ag-header-cell-sortable ag-focus-managed"
                        col-id="email"
                        role="columnheader"
                        style="left: 400px; width: 200px;"
                        tabindex="-1"
                      >
                        <div
                          class="ag-header-cell-resize"
                          role="presentation"
                        />
                        <div
                          aria-hidden="true"
                          class="ag-labeled ag-label-align-right ag-checkbox ag-input-field ag-header-select-all ag-hidden"
                          role="presentation"
                        >
                          
                
                          <div
                            aria-hidden="true"
                            class="ag-input-field-label ag-label ag-hidden ag-checkbox-label"
                            ref="eLabel"
                            role="presentation"
                          />
                          
                
                          <div
                            class="ag-wrapper ag-input-wrapper ag-checkbox-input-wrapper"
                            ref="eWrapper"
                            role="presentation"
                          >
                            
                    
                            <input
                              class="ag-input-field-input ag-checkbox-input"
                              id="ag-6-input"
                              ref="eInput"
                              tabindex="-1"
                              type="checkbox"
                            />
                            
                
                          </div>
                          
            
                        </div>
                        <div
                          class="ag-header-cell-comp-wrapper"
                          role="presentation"
                        >
                          <div
                            class="ag-cell-label-container"
                            role="presentation"
                          >
                            
            
                            <span
                              aria-hidden="true"
                              class="ag-header-icon ag-header-cell-menu-button"
                              ref="eMenu"
                            >
                              <span
                                class="ag-icon ag-icon-menu"
                                role="presentation"
                                unselectable="on"
                              />
                            </span>
                            
            
                            <div
                              class="ag-header-cell-label"
                              ref="eLabel"
                              role="presentation"
                            >
                              
                
                              <span
                                class="ag-header-cell-text"
                                ref="eText"
                              >
                                Email
                              </span>
                              
                
                              <span
                                aria-hidden="true"
                                class="ag-header-icon ag-header-label-icon ag-filter-icon ag-hidden"
                                ref="eFilter"
                              >
                                <span
                                  class="ag-icon ag-icon-filter"
                                  role="presentation"
                                  unselectable="on"
                                />
                              </span>
                              
                
                              <!--AG-SORT-INDICATOR-->
                              <span
                                class="ag-sort-indicator-container"
                                ref="eSortIndicator"
                              >
                                
            
                                <span
                                  aria-hidden="true"
                                  class="ag-sort-indicator-icon ag-sort-order ag-hidden"
                                  ref="eSortOrder"
                                />
                                
            
                                <span
                                  aria-hidden="true"
                                  class="ag-sort-indicator-icon ag-sort-ascending-icon ag-hidden"
                                  ref="eSortAsc"
                                >
                                  <span
                                    class="ag-icon ag-icon-asc"
                                    role="presentation"
                                    unselectable="on"
                                  />
                                </span>
                                
            
                                <span
                                  aria-hidden="true"
                                  class="ag-sort-indicator-icon ag-sort-descending-icon ag-hidden"
                                  ref="eSortDesc"
                                >
                                  <span
                                    class="ag-icon ag-icon-desc"
                                    role="presentation"
                                    unselectable="on"
                                  />
                                </span>
                                
            
                                <span
                                  aria-hidden="true"
                                  class="ag-sort-indicator-icon ag-sort-mixed-icon ag-hidden"
                                  ref="eSortMixed"
                                >
                                  <span
                                    class="ag-icon ag-icon-none"
                                    role="presentation"
                                    unselectable="on"
                                  />
                                </span>
                                
            
                                <span
                                  aria-hidden="true"
                                  class="ag-sort-indicator-icon ag-sort-none-icon ag-hidden"
                                  ref="eSortNone"
                                >
                                  <span
                                    class="ag-icon ag-icon-none"
                                    role="presentation"
                                    unselectable="on"
                                  />
                                </span>
                                
        
                              </span>
                              
            
                            </div>
                            
        
                          </div>
                        </div>
                      </div>
                      <div
                        aria-colindex="4"
                        aria-description="Press ENTER to sort. Press CTRL ENTER to open column menu."
                        aria-sort="none"
                        class="ag-header-cell ag-header-cell-sortable ag-focus-managed"
                        col-id="ident"
                        role="columnheader"
                        style="left: 600px; width: 200px;"
                        tabindex="-1"
                      >
                        <div
                          class="ag-header-cell-resize"
                          role="presentation"
                        />
                        <div
                          aria-hidden="true"
                          class="ag-labeled ag-label-align-right ag-checkbox ag-input-field ag-header-select-all ag-hidden"
                          role="presentation"
                        >
                          
                
                          <div
                            aria-hidden="true"
                            class="ag-input-field-label ag-label ag-hidden ag-checkbox-label"
                            ref="eLabel"
                            role="presentation"
                          />
                          
                
                          <div
                            class="ag-wrapper ag-input-wrapper ag-checkbox-input-wrapper"
                            ref="eWrapper"
                            role="presentation"
                          >
                            
                    
                            <input
                              class="ag-input-field-input ag-checkbox-input"
                              id="ag-7-input"
                              ref="eInput"
                              tabindex="-1"
                              type="checkbox"
                            />
                            
                
                          </div>
                          
            
                        </div>
                        <div
                          class="ag-header-cell-comp-wrapper"
                          role="presentation"
                        >
                          <div
                            class="ag-cell-label-container"
                            role="presentation"
                          >
                            
            
                            <span
                              aria-hidden="true"
                              class="ag-header-icon ag-header-cell-menu-button"
                              ref="eMenu"
                            >
                              <span
                                class="ag-icon ag-icon-menu"
                                role="presentation"
                                unselectable="on"
                              />
                            </span>
                            
            
                            <div
                              class="ag-header-cell-label"
                              ref="eLabel"
                              role="presentation"
                            >
                              
                
                              <span
                                class="ag-header-cell-text"
                                ref="eText"
                              >
                                ident
                              </span>
                              
                
                              <span
                                aria-hidden="true"
                                class="ag-header-icon ag-header-label-icon ag-filter-icon ag-hidden"
                                ref="eFilter"
                              >
                                <span
                                  class="ag-icon ag-icon-filter"
                                  role="presentation"
                                  unselectable="on"
                                />
                              </span>
                              
                
                              <!--AG-SORT-INDICATOR-->
                              <span
                                class="ag-sort-indicator-container"
                                ref="eSortIndicator"
                              >
                                
            
                                <span
                                  aria-hidden="true"
                                  class="ag-sort-indicator-icon ag-sort-order ag-hidden"
                                  ref="eSortOrder"
                                />
                                
            
                                <span
                                  aria-hidden="true"
                                  class="ag-sort-indicator-icon ag-sort-ascending-icon ag-hidden"
                                  ref="eSortAsc"
                                >
                                  <span
                                    class="ag-icon ag-icon-asc"
                                    role="presentation"
                                    unselectable="on"
                                  />
                                </span>
                                
            
                                <span
                                  aria-hidden="true"
                                  class="ag-sort-indicator-icon ag-sort-descending-icon ag-hidden"
                                  ref="eSortDesc"
                                >
                                  <span
                                    class="ag-icon ag-icon-desc"
                                    role="presentation"
                                    unselectable="on"
                                  />
                                </span>
                                
            
                                <span
                                  aria-hidden="true"
                                  class="ag-sort-indicator-icon ag-sort-mixed-icon ag-hidden"
                                  ref="eSortMixed"
                                >
                                  <span
                                    class="ag-icon ag-icon-none"
                                    role="presentation"
                                    unselectable="on"
                                  />
                                </span>
                                
            
                                <span
                                  aria-hidden="true"
                                  class="ag-sort-indicator-icon ag-sort-none-icon ag-hidden"
                                  ref="eSortNone"
                                >
                                  <span
                                    class="ag-icon ag-icon-none"
                                    role="presentation"
                                    unselectable="on"
                                  />
                                </span>
                                
        
                              </span>
                              
            
                            </div>
                            
        
                          </div>
                        </div>
                      </div>
                    </div>
                  </div>
                </div>
                <div
                  aria-hidden="true"
                  class="ag-pinned-right-header ag-hidden"
                  role="presentation"
                  style="width: 0px; min-width: 0px; max-width: 0px;"
                />
              </div>
              <!-- AG Pinned Top -->
              <div
                class="ag-floating-top ag-selectable"
                role="presentation"
                style="height: 0px; min-height: 0; display: none; overflow-y: hidden;"
              >
                <!-- AG Row Container topLeft -->
                <div
                  aria-hidden="true"
                  class="ag-pinned-left-floating-top ag-hidden"
                  role="presentation"
                  style="width: 0px; max-width: 0px; min-width: 0px;"
                />
                <!-- AG Row Container topCenter -->
                <div
                  class="ag-floating-top-viewport"
                  role="presentation"
                >
                  <div
                    class="ag-floating-top-container"
                    role="presentation"
                    style="width: 800px;"
                  />
                </div>
                <!-- AG Row Container topRight -->
                <div
                  aria-hidden="true"
                  class="ag-pinned-right-floating-top ag-hidden"
                  role="presentation"
                  style="width: 0px; max-width: 0px; min-width: 0px;"
                />
                <!-- AG Row Container topFullWidth -->
                <div
                  class="ag-floating-top-full-width-container"
                  role="presentation"
                />
              </div>
              <div
                class="ag-body ag-layout-auto-height"
                role="presentation"
              >
                <div
                  class="ag-body-clipper ag-layout-auto-height"
                  role="presentation"
                >
                  <!-- AG Middle -->
                  <div
                    class="ag-body-viewport ag-row-no-animation ag-layout-auto-height ag-selectable"
                    role="presentation"
                    style="width: calc(100% + 0px);"
                  >
                    <!-- AG Row Container left -->
                    <div
                      aria-hidden="true"
                      class="ag-pinned-left-cols-container ag-hidden"
                      role="presentation"
                      style="height: 96px; width: 0px; max-width: 0px; min-width: 0px;"
                    />
                    <!-- AG Row Container center -->
                    <div
                      class="ag-center-cols-clipper"
                      role="presentation"
                      style="height: 96px;"
                    >
                      <div
                        class="ag-center-cols-viewport"
                        role="presentation"
                        style="height: 100%;"
                      >
                        <div
                          class="ag-center-cols-container"
                          role="rowgroup"
                          style="height: 96px; width: 800px;"
                        >
                          <div
                            aria-rowindex="2"
                            class="ag-row-even ag-row-no-focus ag-row ag-row-level-0 ag-row-position-absolute ag-row-first ag-row-not-inline-editing"
                            role="row"
                            row-id="uuid1"
                            row-index="0"
                            style="transform: translateY(0px); height: 48px;"
                          >
                            <div
                              aria-colindex="1"
                              aria-describedby="cell-username-0"
                              class="ag-cell ag-cell-not-inline-editing ag-cell-normal-height"
                              col-id="username"
                              role="gridcell"
                              style="left: 0px; width: 200px;"
                              tabindex="-1"
                            >
                              <div
                                aria-hidden="true"
                                class="ag-cell-wrapper"
                                role="presentation"
                              >
                                <span
                                  class="ag-cell-value"
                                  id="cell-username-0"
                                  role="presentation"
                                >
                                  pattredes
                                </span>
                              </div>
                            </div>
                            <div
                              aria-colindex="2"
                              aria-describedby="cell-password-1"
                              class="ag-cell ag-cell-not-inline-editing ag-cell-normal-height"
                              col-id="password"
                              role="gridcell"
                              style="left: 200px; width: 200px;"
                              tabindex="-1"
                            >
                              <div
                                aria-hidden="true"
                                class="ag-cell-wrapper"
                                role="presentation"
                              >
                                <span
                                  class="ag-cell-value"
                                  id="cell-password-1"
                                  role="presentation"
                                >
                                  hunter2
                                </span>
                              </div>
                            </div>
                            <div
                              aria-colindex="3"
                              aria-describedby="cell-email-2"
                              class="ag-cell ag-cell-not-inline-editing ag-cell-normal-height"
                              col-id="email"
                              role="gridcell"
                              style="left: 400px; width: 200px;"
                              tabindex="-1"
                            >
                              <div
                                aria-hidden="true"
                                class="ag-cell-wrapper"
                                role="presentation"
                              >
                                <span
                                  class="ag-cell-value"
                                  id="cell-email-2"
                                  role="presentation"
                                >
                                  usul@arrakis.dune
                                </span>
                              </div>
                            </div>
                            <div
                              aria-colindex="4"
                              aria-describedby="cell-ident-3"
                              class="ag-cell ag-cell-not-inline-editing ag-cell-normal-height"
                              col-id="ident"
                              role="gridcell"
                              style="left: 600px; width: 200px;"
                              tabindex="-1"
                            >
                              <div
                                aria-hidden="true"
                                class="ag-cell-wrapper"
                                role="presentation"
                              >
                                <span
                                  class="ag-cell-value"
                                  id="cell-ident-3"
                                  role="presentation"
                                >
                                  uuid1
                                </span>
                              </div>
                            </div>
                          </div>
                          <div
                            aria-rowindex="3"
                            class="ag-row-odd ag-row-no-focus ag-row ag-row-level-0 ag-row-position-absolute ag-row-last ag-row-not-inline-editing"
                            role="row"
                            row-id="uuid2"
                            row-index="1"
                            style="transform: translateY(48px); height: 48px;"
                          >
                            <div
                              aria-colindex="1"
                              aria-describedby="cell-username-4"
                              class="ag-cell ag-cell-not-inline-editing ag-cell-normal-height"
                              col-id="username"
                              role="gridcell"
                              style="left: 0px; width: 200px;"
                              tabindex="-1"
                            >
                              <div
                                aria-hidden="true"
                                class="ag-cell-wrapper"
                                role="presentation"
                              >
                                <span
                                  class="ag-cell-value"
                                  id="cell-username-4"
                                  role="presentation"
                                >
                                  mmartin
                                </span>
                              </div>
                            </div>
                            <div
                              aria-colindex="2"
                              aria-describedby="cell-password-5"
                              class="ag-cell ag-cell-not-inline-editing ag-cell-normal-height"
                              col-id="password"
                              role="gridcell"
                              style="left: 200px; width: 200px;"
                              tabindex="-1"
                            >
                              <div
                                aria-hidden="true"
                                class="ag-cell-wrapper"
                                role="presentation"
                              >
                                <span
                                  class="ag-cell-value"
                                  id="cell-password-5"
                                  role="presentation"
                                >
                                  password123
                                </span>
                              </div>
                            </div>
                            <div
                              aria-colindex="3"
                              aria-describedby="cell-email-6"
                              class="ag-cell ag-cell-not-inline-editing ag-cell-normal-height"
                              col-id="email"
                              role="gridcell"
                              style="left: 400px; width: 200px;"
                              tabindex="-1"
                            >
                              <div
                                aria-hidden="true"
                                class="ag-cell-wrapper"
                                role="presentation"
                              >
                                <span
                                  class="ag-cell-value"
                                  id="cell-email-6"
                                  role="presentation"
                                >
                                  matewmartin@victokia.com
                                </span>
                              </div>
                            </div>
                            <div
                              aria-colindex="4"
                              aria-describedby="cell-ident-7"
                              class="ag-cell ag-cell-not-inline-editing ag-cell-normal-height"
                              col-id="ident"
                              role="gridcell"
                              style="left: 600px; width: 200px;"
                              tabindex="-1"
                            >
                              <div
                                aria-hidden="true"
                                class="ag-cell-wrapper"
                                role="presentation"
                              >
                                <span
                                  class="ag-cell-value"
                                  id="cell-ident-7"
                                  role="presentation"
                                >
                                  uuid2
                                </span>
                              </div>
                            </div>
                          </div>
                        </div>
                      </div>
                    </div>
                    <!-- AG Row Container right -->
                    <div
                      aria-hidden="true"
                      class="ag-pinned-right-cols-container ag-hidden"
                      role="presentation"
                      style="height: 96px; width: 0px; max-width: 0px; min-width: 0px;"
                    />
                    <!-- AG Row Container fullWidth -->
                    <div
                      class="ag-full-width-container"
                      role="presentation"
                      style="height: 96px;"
                    />
                  </div>
                </div>
                <!-- AG Fake Vertical Scroll -->
                <div
                  aria-hidden="true"
                  class="ag-body-vertical-scroll ag-hidden"
                  style="width: 0px; max-width: 0px; min-width: 0px;"
                >
                  
            
                  <div
                    class="ag-body-vertical-scroll-viewport"
                    ref="eViewport"
                    style="width: 0px; max-width: 0px; min-width: 0px;"
                  >
                    
                
                    <div
                      class="ag-body-vertical-scroll-container"
                      ref="eContainer"
                      style="width: 0px; max-width: 0px; min-width: 0px; height: 96px;"
                    />
                    
            
                  </div>
                  
        
                </div>
              </div>
              <!-- AG Sticky Top -->
              <div
                class="ag-sticky-top ag-selectable"
                role="presentation"
                style="height: 0px; top: 57px; width: 100%;"
              >
                <!-- AG Row Container stickyTopLeft -->
                <div
                  aria-hidden="true"
                  class="ag-pinned-left-sticky-top ag-hidden"
                  role="presentation"
                  style="width: 0px; max-width: 0px; min-width: 0px;"
                />
                <!-- AG Row Container stickyTopCenter -->
                <div
                  class="ag-sticky-top-viewport"
                  role="presentation"
                >
                  <div
                    class="ag-sticky-top-container"
                    role="presentation"
                    style="width: 800px;"
                  />
                </div>
                <!-- AG Row Container stickyTopRight -->
                <div
                  aria-hidden="true"
                  class="ag-pinned-right-sticky-top ag-hidden"
                  role="presentation"
                  style="width: 0px; max-width: 0px; min-width: 0px;"
                />
                <!-- AG Row Container stickyTopFullWidth -->
                <div
                  class="ag-sticky-top-full-width-container"
                  role="presentation"
                />
              </div>
              <!-- AG Pinned Bottom -->
              <div
                class="ag-floating-bottom ag-selectable"
                role="presentation"
                style="height: 0px; min-height: 0; display: none; overflow-y: hidden;"
              >
                <!-- AG Row Container bottomLeft -->
                <div
                  aria-hidden="true"
                  class="ag-pinned-left-floating-bottom ag-hidden"
                  role="presentation"
                  style="width: 0px; max-width: 0px; min-width: 0px;"
                />
                <!-- AG Row Container bottomCenter -->
                <div
                  class="ag-floating-bottom-viewport"
                  role="presentation"
                >
                  <div
                    class="ag-floating-bottom-container"
                    role="presentation"
                    style="width: 800px;"
                  />
                </div>
                <!-- AG Row Container bottomRight -->
                <div
                  aria-hidden="true"
                  class="ag-pinned-right-floating-bottom ag-hidden"
                  role="presentation"
                  style="width: 0px; max-width: 0px; min-width: 0px;"
                />
                <!-- AG Row Container bottomFullWidth -->
                <div
                  class="ag-floating-bottom-full-width-container"
                  role="presentation"
                />
              </div>
              <!-- AG Fake Horizontal Scroll -->
              <div
                aria-hidden="true"
                class="ag-body-horizontal-scroll ag-hidden"
                style="height: 0px; max-height: 0px; min-height: 0px;"
              >
                
            
                <div
                  class="ag-horizontal-left-spacer"
                  ref="eLeftSpacer"
                  style="width: 0px; max-width: 0px; min-width: 0px;"
                />
                
            
                <div
                  class="ag-body-horizontal-scroll-viewport"
                  ref="eViewport"
                  style="height: 0px; max-height: 0px; min-height: 0px;"
                >
                  
                
                  <div
                    class="ag-body-horizontal-scroll-container"
                    ref="eContainer"
                    style="height: 0px; max-height: 0px; min-height: 0px; width: 800px;"
                  />
                  
            
                </div>
                
            
                <div
                  class="ag-horizontal-right-spacer"
                  ref="eRightSpacer"
                  style="width: 0px; max-width: 0px; min-width: 0px;"
                />
                
        
              </div>
              <!-- AG Overlay Wrapper -->
              <div
                aria-hidden="true"
                class="ag-overlay ag-hidden"
              >
                
            
                <div
                  class="ag-overlay-panel"
                >
                  
                
                  <div
                    class="ag-overlay-wrapper ag-layout-auto-height"
                    ref="eOverlayWrapper"
                  />
                  
            
                </div>
                
        
              </div>
            </div>
            <div
              class="ag-tab-guard ag-tab-guard-bottom"
              role="presentation"
              tabindex="0"
            />
          </div>
          <div
            class="ag-paging-panel ag-unselectable"
            id="ag-3"
          >
            
                
            <span
              class="ag-paging-row-summary-panel"
              role="status"
            >
              
                    
              <span
                class="ag-paging-row-summary-panel-number"
                id="ag-3-first-row"
                ref="lbFirstRowOnPage"
              >
                1
              </span>
              
                    
              <span
                id="ag-3-to"
              >
                to
              </span>
              
                    
              <span
                class="ag-paging-row-summary-panel-number"
                id="ag-3-last-row"
                ref="lbLastRowOnPage"
              >
                2
              </span>
              
                    
              <span
                id="ag-3-of"
              >
                of
              </span>
              
                    
              <span
                class="ag-paging-row-summary-panel-number"
                id="ag-3-row-count"
                ref="lbRecordCount"
              >
                2
              </span>
              
                
            </span>
            
                
            <span
              class="ag-paging-page-summary-panel"
              role="presentation"
            >
              
                    
              <div
                aria-disabled="true"
                aria-label="First Page"
                class="ag-paging-button ag-disabled"
                ref="btFirst"
                role="button"
              >
                <span
                  class="ag-icon ag-icon-first"
                  role="presentation"
                  unselectable="on"
                />
              </div>
              
                    
              <div
                aria-disabled="true"
                aria-label="Previous Page"
                class="ag-paging-button ag-disabled"
                ref="btPrevious"
                role="button"
              >
                <span
                  class="ag-icon ag-icon-previous"
                  role="presentation"
                  unselectable="on"
                />
              </div>
              
                    
              <span
                class="ag-paging-description"
                role="status"
              >
                
                        
                <span
                  id="ag-3-start-page"
                >
                  Page
                </span>
                
                        
                <span
                  class="ag-paging-number"
                  id="ag-3-start-page-number"
                  ref="lbCurrent"
                >
                  1
                </span>
                
                        
                <span
                  id="ag-3-of-page"
                >
                  of
                </span>
                
                        
                <span
                  class="ag-paging-number"
                  id="ag-3-of-page-number"
                  ref="lbTotal"
                >
                  1
                </span>
                
                    
              </span>
              
                    
              <div
                aria-disabled="true"
                aria-label="Next Page"
                class="ag-paging-button ag-disabled"
                ref="btNext"
                role="button"
              >
                <span
                  class="ag-icon ag-icon-next"
                  role="presentation"
                  unselectable="on"
                />
              </div>
              
                    
              <div
                aria-disabled="true"
                aria-label="Last Page"
                class="ag-paging-button ag-disabled"
                ref="btLast"
                role="button"
              >
                <span
                  class="ag-icon ag-icon-last"
                  role="presentation"
                  unselectable="on"
                />
              </div>
              
                
            </span>
            
            
          </div>
        </div>
      </div>
    </div>
  </div>
</DocumentFragment>
`;
